Microchip MPLAB XC8 Compiler V2.36

Linker command line:

-W-3 --edf=C:\Program Files\Microchip\xc8\v2.36\pic\dat\en_msgs.txt -cn \
  -h+dist/default/production\Lab_06.X.production.sym \
  --cmf=dist/default/production\Lab_06.X.production.cmf -z -Q16F887 \
  -oC:\Users\EDGARS~1\AppData\Local\Temp\xcAs4o4.4 --defsym=__MPLAB_BUILD=1 \
  -Mdist/default/production/Lab_06.X.production.map \
  --md=C:\Users\EDGARS~1\AppData\Local\Temp\xcAs4o4.dat -E1 \
  -ver=XC8 Compiler --acfsm=1493 -ACODE=00h-07FFhx4 -ASTRCODE=00h-01FFFh \
  -ASTRING=00h-0FFhx32 -ACONST=00h-0FFhx32 -AENTRY=00h-0FFhx32 \
  -ACOMMON=070h-07Fh -ABANK0=020h-06Fh -ABANK1=0A0h-0EFh \
  -ABANK2=0110h-016Fh -ABANK3=0190h-01EFh \
  -ARAM=020h-06Fh,0A0h-0EFh,0110h-016Fh,0190h-01EFh \
  -AABS1=020h-07Fh,0A0h-0EFh,0110h-016Fh,0190h-01EFh -ASFR0=00h-01Fh \
  -ASFR1=080h-09Fh -ASFR2=0100h-010Fh -ASFR3=0180h-018Fh \
  -ACONFIG=02007h-02008h -DCONFIG=2 -AIDLOC=02000h-02003h -DIDLOC=2 \
  -AEEDATA=00h-0FFh/02100h -peeprom_data=EEDATA -DEEDATA=2 -DCODE=2 \
  -DSTRCODE=2 -DSTRING=2 -DCONST=2 -DENTRY=2 \
  -preset_vec=00h,intentry=04h,init,end_init -ppowerup=CODE -pcinit=CODE \
  -pfunctab=ENTRY -k C:\Users\EDGARS~1\AppData\Local\Temp\xcAs4o4.o \
  dist/default/production\Lab_06.X.production.o 

Object code version is 3.11

Machine type is 16F887



                Name                               Link     Load   Length Selector   Space Scale
C:\Users\EDGARS~1\AppData\Local\Temp\xcAs4o4.o
                end_init                              C        C        3        8       0
                reset_vec                             0        0        3        0       0
                config                             2007     2007        2        0       4
                idloc                              2000     2000        4        0       5
dist/default/production\Lab_06.X.production.o
                cinit                                 F        F        D        8       0
                intentry                              4        4        8        8       0
                config                             2007     2007        2        0       4
                idloc                              2000     2000        4        0       5
                text11                              F4C      F4C       10     1E98       0
                text10                              37D      37D      288        8       0
                text9                               7C1      7C1       29        8       0
                text8                                1C       1C      361        8       0
                text7                               745      745       7C        8       0
                text6                               605      605       BC        8       0
                text5                               FAB      FAB       55     1F56       0
                text4                               F5C      F5C       10     1EB8       0
                text3                               F8A      F8A       21     1F14       0
                text2                               7EA      7EA       12        8       0
                text1                               F6C      F6C       1E     1ED8       0
                maintext                            6C1      6C1       84        8       0
                cstackBANK0                          20       20       43       20       1
                cstackCOMMON                         70       70        A       70       1
                bssBANK0                             63       63        5       20       1
                bssCOMMON                            7A       7A        2       70       1
                strings                             800      800       74     1000       0

TOTAL           Name                               Link     Load   Length     Space
        CLASS   CODE           
                end_init                              C        C        3         0
                cinit                                 F        F        D         0
                intentry                              4        4        8         0
                reset_vec                             0        0        3         0
                text11                              F4C      F4C       10         0
                text10                              37D      37D      288         0
                text9                               7C1      7C1       29         0
                text8                                1C       1C      361         0
                text7                               745      745       7C         0
                text6                               605      605       BC         0
                text5                               FAB      FAB       55         0
                text4                               F5C      F5C       10         0
                text3                               F8A      F8A       21         0
                text2                               7EA      7EA       12         0
                text1                               F6C      F6C       1E         0
                maintext                            6C1      6C1       84         0

        CLASS   STRCODE        

        CLASS   STRING         
                strings                             800      800       74         0

        CLASS   CONST          

        CLASS   ENTRY          

        CLASS   COMMON         
                cstackCOMMON                         70       70        A         1
                bssCOMMON                            7A       7A        2         1

        CLASS   BANK0          
                cstackBANK0                          20       20       43         1
                bssBANK0                             63       63        5         1

        CLASS   BANK1          

        CLASS   BANK2          

        CLASS   BANK3          

        CLASS   RAM            

        CLASS   ABS1           
                abs_s1                               7E       7E        2         1

        CLASS   SFR0           

        CLASS   SFR1           

        CLASS   SFR2           

        CLASS   SFR3           

        CLASS   CONFIG         
                config                             2007     2007        2         4

        CLASS   IDLOC          
                idloc                              2000     2000        4         5

        CLASS   EEDATA         

        CLASS   STACK          



SEGMENTS        Name                           Load    Length   Top    Selector   Space  Class     Delta

                reset_vec                      000000  000003  000003         0       0  CODE        2
                intentry                       000004  0007F8  0007FC         8       0  CODE        2
                cstackBANK0                    000020  000048  000068        20       1  BANK0       1
                cstackCOMMON                   000070  00000C  00007C        70       1  COMMON      1
                strings                        000800  000074  000874      1000       0  STRING      2
                text11                         000F4C  000010  000F5C      1E98       0  CODE        2
                text4                          000F5C  000010  000F6C      1EB8       0  CODE        2
                text1                          000F6C  00001E  000F8A      1ED8       0  CODE        2
                text3                          000F8A  000021  000FAB      1F14       0  CODE        2
                text5                          000FAB  000055  001000      1F56       0  CODE        2


UNUSED ADDRESS RANGES

        Name                Unused          Largest block    Delta
        BANK0            0068-006F              8           1
        BANK1            00A0-00EF             50           1
        BANK2            0110-016F             60           1
        BANK3            0190-01EF             60           1
        CODE             0003-0003              1           2
                         07FC-07FF              4
                         0874-0F4B            6D8
                         1000-1FFF            800
        COMMON           007C-007D              2           1
        CONST            0003-0003              1           2
                         07FC-07FF              4
                         0874-0F4B            100
                         1000-1FFF            100
        EEDATA           2100-21FF            100           2
        ENTRY            0003-0003              1           2
                         07FC-07FF              4
                         0874-0F4B            100
                         1000-1FFF            100
        RAM              0068-006F              8           1
                         00A0-00EF             50
                         0110-016F             60
                         0190-01EF             60
        SFR0             0000-001F             20           1
        SFR1             0080-009F             20           1
        SFR2             0100-010F             10           1
        SFR3             0180-018F             10           1
        STRCODE          0003-0003              1           2
                         07FC-07FF              4
                         0874-0F4B            6D8
                         1000-1FFF           1000
        STRING           0003-0003              1           2
                         07FC-07FF              4
                         0874-0F4B            100
                         1000-1FFF            100

                                  Symbol Table

?__Umul8_16              cstackCOMMON 0072
?___fladd                cstackBANK0  0040
?___flmul                cstackBANK0  0026
?___fltol                cstackBANK0  0054
?___xxtofl               cstackCOMMON 0072
_ADCON0bits              (abs)        001F
_ADCON1bits              (abs)        009F
_ADC_voltaje1            bssBANK0     0065
_ADRESH                  (abs)        001E
_ANSELbits               (abs)        0188
_CCPR1L                  (abs)        0015
_INTCONbits              (abs)        000B
_OSCCONbits              (abs)        008F
_PIE1bits                (abs)        008C
_PIR1bits                (abs)        000C
_PORTB                   (abs)        0006
_PORTBbits               (abs)        0006
_RCREG                   (abs)        001A
_RCSTAbits               (abs)        0018
_SPBRG                   (abs)        0099
_TRISAbits               (abs)        0085
_TRISB                   (abs)        0086
_TXIF                    (abs)        0064
_TXREG                   (abs)        0019
_TXSTAbits               (abs)        0098
__Habs1                  abs1         0000
__Hbank0                 bank0        0000
__Hbank1                 bank1        0000
__Hbank2                 bank2        0000
__Hbank3                 bank3        0000
__HbssBANK0              bssBANK0     0000
__HbssCOMMON             bssCOMMON    0000
__Hcinit                 cinit        001C
__Hclrtext               clrtext      0000
__Hcode                  code         0000
__Hcommon                common       0000
__Hconfig                config       2009
__HcstackBANK0           cstackBANK0  0000
__HcstackCOMMON          cstackCOMMON 0000
__Heeprom_data           eeprom_data  0000
__Hend_init              end_init     000F
__Hfunctab               functab      0000
__Hidloc                 idloc        2004
__Hinit                  init         000C
__Hintentry              intentry     000C
__Hmaintext              maintext     0000
__Hpowerup               powerup      0000
__Hram                   ram          0000
__Hreset_vec             reset_vec    0003
__Hsfr0                  sfr0         0000
__Hsfr1                  sfr1         0000
__Hsfr2                  sfr2         0000
__Hsfr3                  sfr3         0000
__Hspace_0               (abs)        1000
__Hspace_1               (abs)        007C
__Hspace_2               (abs)        0000
__Hspace_3               (abs)        0000
__Hspace_4               (abs)        4010
__Hstack                 stack        0000
__Hstrings               strings      0000
__Htext                  text         0000
__Labs1                  abs1         0000
__Lbank0                 bank0        0000
__Lbank1                 bank1        0000
__Lbank2                 bank2        0000
__Lbank3                 bank3        0000
__LbssBANK0              bssBANK0     0000
__LbssCOMMON             bssCOMMON    0000
__Lcinit                 cinit        000F
__Lclrtext               clrtext      0000
__Lcode                  code         0000
__Lcommon                common       0000
__Lconfig                config       0000
__LcstackBANK0           cstackBANK0  0000
__LcstackCOMMON          cstackCOMMON 0000
__Leeprom_data           eeprom_data  0000
__Lend_init              end_init     000C
__Lfunctab               functab      0000
__Lidloc                 idloc        0000
__Linit                  init         000C
__Lintentry              intentry     0004
__Lmaintext              maintext     0000
__Lpowerup               powerup      0000
__Lram                   ram          0000
__Lreset_vec             reset_vec    0000
__Lsfr0                  sfr0         0000
__Lsfr1                  sfr1         0000
__Lsfr2                  sfr2         0000
__Lsfr3                  sfr3         0000
__Lspace_0               (abs)        0000
__Lspace_1               (abs)        0000
__Lspace_2               (abs)        0000
__Lspace_3               (abs)        0000
__Lspace_4               (abs)        0000
__Lstack                 stack        0000
__Lstrings               strings      0000
__Ltext                  text         0000
__S0                     (abs)        1000
__S1                     (abs)        007C
__S3                     (abs)        0000
__Umul8_16               text9        07C1
__Umul8_16@multiplicand  cstackCOMMON 0072
__Umul8_16@multiplier    cstackBANK0  0024
__Umul8_16@product       cstackBANK0  0020
__Umul8_16@word_mpld     cstackBANK0  0022
___fladd                 text10       037D
___fladd@a               cstackBANK0  0044
___fladd@aexp            cstackBANK0  0051
___fladd@b               cstackBANK0  0040
___fladd@bexp            cstackBANK0  0052
___fladd@grs             cstackBANK0  0053
___fladd@signs           cstackBANK0  0050
___flmul                 text8        001C
___flmul@a               cstackBANK0  002A
___flmul@aexp            cstackBANK0  0034
___flmul@b               cstackBANK0  0026
___flmul@bexp            cstackBANK0  0039
___flmul@grs             cstackBANK0  0035
___flmul@prod            cstackBANK0  003A
___flmul@sign            cstackBANK0  0033
___flmul@temp            cstackBANK0  003E
___fltol                 text7        0745
___fltol@exp1            cstackBANK0  005E
___fltol@f1              cstackBANK0  0054
___fltol@sign1           cstackBANK0  005D
___int_sp                stack        0000
___latbits               (abs)        0002
___sp                    stack        0000
___stackhi               (abs)        0000
___stacklo               (abs)        0000
___xxtofl                text6        0605
___xxtofl@arg            cstackBANK0  0022
___xxtofl@exp            cstackBANK0  0021
___xxtofl@sign           cstackBANK0  0020
___xxtofl@val            cstackCOMMON 0072
__end_of__Umul8_16       text9        07EA
__end_of___fladd         text10       0605
__end_of___flmul         text8        037D
__end_of___fltol         text7        07C1
__end_of___xxtofl        text6        06C1
__end_of__initialization cinit        0018
__end_of__stringtab      strings      0806
__end_of_conversion      text5        1000
__end_of_initUART        text4        0F6C
__end_of_isr             text11       0F5C
__end_of_main            maintext     0745
__end_of_print           text3        0FAB
__end_of_setup           text2        07FC
__end_of_setupADC        text1        0F8A
__initialization         cinit        000F
__pbssBANK0              bssBANK0     0063
__pbssCOMMON             bssCOMMON    007A
__pcstackBANK0           cstackBANK0  0020
__pcstackCOMMON          cstackCOMMON 0070
__pintentry              intentry     0004
__pmaintext              maintext     06C1
__pstrings               strings      0800
__ptext1                 text1        0F6C
__ptext10                text10       037D
__ptext11                text11       0F4C
__ptext2                 text2        07EA
__ptext3                 text3        0F8A
__ptext4                 text4        0F5C
__ptext5                 text5        0FAB
__ptext6                 text6        0605
__ptext7                 text7        0745
__ptext8                 text8        001C
__ptext9                 text9        07C1
__stringbase             strings      0805
__stringtab              strings      0800
_conversion              text5        0FAB
_equivalent              bssBANK0     0063
_initUART                text4        0F5C
_isr                     text11       0F4C
_main                    maintext     06C1
_option_selected         bssBANK0     0067
_print                   text3        0F8A
_setup                   text2        07EA
_setupADC                text1        0F6C
btemp                    (abs)        007E
conversion@voltaje       cstackBANK0  005F
end_of_initialization    cinit        0018
interrupt_function       intentry     0004
intlevel0                functab      0000
intlevel1                functab      0000
intlevel2                functab      0000
intlevel3                functab      0000
intlevel4                functab      0000
intlevel5                functab      0000
print@palabra            cstackCOMMON 0073
reset_vec                reset_vec    0000
saved_w                  (abs)        007E
start                    init         000C
start_initialization     cinit        000F
wtemp0                   (abs)        007E


MODULE INFORMATION

Module		Function		Class		Link	Load	Size
C:\Program Files\Microchip\xc8\v2.36\pic\sources\c90\common\sprcmul.c
		___flmul       		CODE           	001C	0000	865

C:\Program Files\Microchip\xc8\v2.36\pic\sources\c90\common\sprcmul.c estimated size: 865

C:\Program Files\Microchip\xc8\v2.36\pic\sources\c90\common\fltol.c
		___fltol       		CODE           	0745	0000	124

C:\Program Files\Microchip\xc8\v2.36\pic\sources\c90\common\fltol.c estimated size: 124

shared
		__stringtab    		STRING         	0800	0000	6
		__initialization		CODE           	000F	0000	9

shared estimated size: 15

C:\Program Files\Microchip\xc8\v2.36\pic\sources\c90\common\xxtofl.c
		___xxtofl      		CODE           	0605	0000	188

C:\Program Files\Microchip\xc8\v2.36\pic\sources\c90\common\xxtofl.c estimated size: 188

C:\Program Files\Microchip\xc8\v2.36\pic\sources\c90\common\sprcadd.c
		___fladd       		CODE           	037D	0000	648

C:\Program Files\Microchip\xc8\v2.36\pic\sources\c90\common\sprcadd.c estimated size: 648

main.c
		_conversion    		CODE           	0FAB	0000	85
		_main          		CODE           	06C1	0000	132
		_initUART      		CODE           	0F5C	0000	16
		_isr           		CODE           	0F4C	0000	16
		_print         		CODE           	0F8A	0000	33
		_setup         		CODE           	07EA	0000	18
		_setupADC      		CODE           	0F6C	0000	30

main.c estimated size: 330

C:\Program Files\Microchip\xc8\v2.36\pic\sources\c90\common\Umul8_16.c
		__Umul8_16     		CODE           	07C1	0000	41

C:\Program Files\Microchip\xc8\v2.36\pic\sources\c90\common\Umul8_16.c estimated size: 41

